void test_i_encode_decode()
(
    1,
    2,
    3
)
(
    1,
    2,
    3
)
